// Vitest Snapshot v1, https://vitest.dev/guide/snapshot.html

exports[`Response-path coverage invariant — Block A1 spike > runArchitectAgent > snapshots the not-readiness-aware emission sites for review 1`] = `
[
  {
    "callee": "update",
    "line": 2661,
    "snippet": "confirmMessage",
  },
  {
    "callee": "update",
    "line": 2680,
    "snippet": ""The engineering spec has been modified since the approval was offered. Please …",
  },
  {
    "callee": "update",
    "line": 2693,
    "snippet": "approvalMessage",
  },
  {
    "callee": "update",
    "line": 2710,
    "snippet": "msg",
  },
  {
    "callee": "update",
    "line": 2764,
    "snippet": "msg",
  },
]
`;

exports[`Response-path coverage invariant — Block A1 spike > runDesignAgent > snapshots the not-readiness-aware emission sites for review 1`] = `
[
  {
    "callee": "update",
    "line": 1343,
    "snippet": ""The design spec has been modified since the approval was offered. Please revie…",
  },
  {
    "callee": "update",
    "line": 1357,
    "snippet": "approvalMessage",
  },
  {
    "callee": "update",
    "line": 1379,
    "snippet": "msg",
  },
  {
    "callee": "update",
    "line": 1593,
    "snippet": "msg + stateActionMenu",
  },
  {
    "callee": "chat.postMessage",
    "line": 1613,
    "snippet": "{ channel: channelId, thread_ts: threadTs, text: "_Context from earlier in this…",
  },
]
`;

exports[`Response-path coverage invariant — Block A1 spike > runPmAgent > snapshots the not-readiness-aware emission sites for review 1`] = `
[
  {
    "callee": "update",
    "line": 1201,
    "snippet": ""The spec has been modified since the approval was offered. Please review the c…",
  },
  {
    "callee": "update",
    "line": 1215,
    "snippet": "approvalMessage",
  },
  {
    "callee": "update",
    "line": 1316,
    "snippet": "\`\${prefix}\${response}\`",
  },
]
`;
