// Vitest Snapshot v1, https://vitest.dev/guide/snapshot.html

exports[`Response-path coverage invariant — Block A1 spike > runArchitectAgent > snapshots the not-readiness-aware emission sites for review 1`] = `
[
  {
    "callee": "update",
    "line": 2866,
    "snippet": "confirmMessage",
  },
  {
    "callee": "update",
    "line": 2885,
    "snippet": ""The engineering spec has been modified since the approval was offered. Please …",
  },
  {
    "callee": "update",
    "line": 2898,
    "snippet": "approvalMessage",
  },
  {
    "callee": "update",
    "line": 2915,
    "snippet": "msg",
  },
  {
    "callee": "update",
    "line": 2969,
    "snippet": "msg",
  },
]
`;

exports[`Response-path coverage invariant — Block A1 spike > runDesignAgent > snapshots the not-readiness-aware emission sites for review 1`] = `
[
  {
    "callee": "update",
    "line": 1510,
    "snippet": ""The design spec has been modified since the approval was offered. Please revie…",
  },
  {
    "callee": "update",
    "line": 1524,
    "snippet": "approvalMessage",
  },
  {
    "callee": "update",
    "line": 1546,
    "snippet": "msg",
  },
  {
    "callee": "update",
    "line": 1760,
    "snippet": "msg + stateActionMenu",
  },
  {
    "callee": "chat.postMessage",
    "line": 1780,
    "snippet": "{ channel: channelId, thread_ts: threadTs, text: "_Context from earlier in this…",
  },
]
`;

exports[`Response-path coverage invariant — Block A1 spike > runPmAgent > snapshots the not-readiness-aware emission sites for review 1`] = `
[
  {
    "callee": "update",
    "line": 1343,
    "snippet": ""The spec has been modified since the approval was offered. Please review the c…",
  },
  {
    "callee": "update",
    "line": 1357,
    "snippet": "approvalMessage",
  },
  {
    "callee": "update",
    "line": 1457,
    "snippet": "\`\${prefix}\${response}\`",
  },
]
`;
