// Vitest Snapshot v1, https://vitest.dev/guide/snapshot.html

exports[`Response-path coverage invariant — Block A1 spike > runArchitectAgent > snapshots the not-readiness-aware emission sites for review 1`] = `
[
  {
    "callee": "update",
    "line": 2761,
    "snippet": "confirmMessage",
  },
  {
    "callee": "update",
    "line": 2780,
    "snippet": ""The engineering spec has been modified since the approval was offered. Please …",
  },
  {
    "callee": "update",
    "line": 2793,
    "snippet": "approvalMessage",
  },
  {
    "callee": "update",
    "line": 2810,
    "snippet": "msg",
  },
  {
    "callee": "update",
    "line": 2864,
    "snippet": "msg",
  },
]
`;

exports[`Response-path coverage invariant — Block A1 spike > runDesignAgent > snapshots the not-readiness-aware emission sites for review 1`] = `
[
  {
    "callee": "update",
    "line": 1447,
    "snippet": ""The design spec has been modified since the approval was offered. Please revie…",
  },
  {
    "callee": "update",
    "line": 1461,
    "snippet": "approvalMessage",
  },
  {
    "callee": "update",
    "line": 1483,
    "snippet": "msg",
  },
  {
    "callee": "update",
    "line": 1697,
    "snippet": "msg + stateActionMenu",
  },
  {
    "callee": "chat.postMessage",
    "line": 1717,
    "snippet": "{ channel: channelId, thread_ts: threadTs, text: "_Context from earlier in this…",
  },
]
`;

exports[`Response-path coverage invariant — Block A1 spike > runPmAgent > snapshots the not-readiness-aware emission sites for review 1`] = `
[
  {
    "callee": "update",
    "line": 1306,
    "snippet": ""The spec has been modified since the approval was offered. Please review the c…",
  },
  {
    "callee": "update",
    "line": 1320,
    "snippet": "approvalMessage",
  },
  {
    "callee": "update",
    "line": 1420,
    "snippet": "\`\${prefix}\${response}\`",
  },
]
`;
